// Jest Snapshot v1, https://goo.gl/fbAQLP

exports[`renders the Home component correctly 1`] = `
<div>
  <div
    class="homeContainer"
  >
    <h1
      class="homeTitle"
    >
      Welcome to My Home Recipes!!!
    </h1>
    <img
      alt="Homepage"
      class="homeImg"
      src="https://i.keaitupian.net/up/7b/e9/bb/c48adec6c91a1ed2ec5e6b7f65bbe97b.jpg"
    />
  </div>
</div>
`;
