// Jest Snapshot v1, https://goo.gl/fbAQLP

exports[`Register tests renders correctly 1`] = `
<div>
  <div>
    <form
      class="containerBox"
    >
      <div
        class="logoBox"
      >
        <img
          class="logo"
          src="http://shoppopbox.com/wp-content/uploads/2017/09/homechef-logo-square-1.jpg"
        />
      </div>
      <h1
        class="registerTitle"
      >
        SignUp
      </h1>
      <div
        class="usernameBox"
      >
        <input
          class="input"
          id="username"
          name="username"
          placeholder="Please Enter Username *"
          required=""
          type="text"
        />
      </div>
      <div
        class="passwordBox"
      >
        <input
          class="input"
          id="password"
          name="password"
          placeholder="Please Enter Password *"
          required=""
          type="password"
        />
         
        <br />
      </div>
      <div
        class="emailBox"
      >
        <input
          class="input"
          id="email"
          name="email"
          placeholder="Please Enter Email Address *"
          required=""
          type="email"
        />
        <br />
      </div>
      <div
        class="zipcodeBox"
      >
        <input
          class="opinput"
          id="zipcode"
          name="zipcode"
          placeholder="Please Enter Zip Code"
          type="number"
        />
        <br />
      </div>
      <div
        class="phoneBox"
      >
        <input
          class="opinput"
          id="phone"
          name="phone"
          placeholder="Please Enter Phone Number"
          type="number"
        />
         
        <br />
      </div>
      <div
        class="genderBox"
      >
        <label
          for="gender"
        >
          Gender: 
        </label>
        <select
          class="dropdown"
          id="genderDropdown"
          name="genderDropdown"
        >
          <option
            value="male"
          >
            Male
          </option>
          <option
            value="female"
          >
            Female
          </option>
          <option
            value="decline"
          >
            Decline to identify
          </option>
        </select>
      </div>
      <div
        class="ageBox"
      >
        <label
          for="age"
        >
          Age: 
        </label>
        <select
          class="dropdown"
          id="ageDropdown"
          name="ageDropdown"
        >
          <option
            value="1"
          >
            1-10
          </option>
          <option
            value="10"
          >
            10-20
          </option>
          <option
            value="20"
          >
            20-30
          </option>
          <option
            value="30"
          >
            30-40
          </option>
          <option
            value="40"
          >
            40+
          </option>
        </select>
      </div>
      <div
        class="checkBox"
      >
        <p>
          Interested in
        </p>
        <label
          class="checkItem"
          for="soup"
        >
          Soup
          <input
            class="inputItem"
            name="soup"
            type="checkbox"
          />
        </label>
        <label
          class="checkItem"
          for="appetizer"
        >
          Appetizer
          <input
            class="inputItem"
            name="appetizer"
            type="checkbox"
          />
        </label>
        <label
          class="checkItem"
          for="mainCourse"
        >
          Main Course
          <input
            class="inputItem"
            name="mainCourse"
            type="checkbox"
          />
        </label>
        <label
          class="checkItem"
          for="snack"
        >
          Snack
          <input
            class="inputItem"
            name="snack"
            type="checkbox"
          />
        </label>
        <label
          class="checkItem"
          for="dessert"
        >
          Dessert
          <input
            class="inputItem"
            name="dessert"
            type="checkbox"
          />
        </label>
      </div>
      <input
        class="register"
        type="submit"
        value="SignUp"
      />
    </form>
  </div>
</div>
`;
